/usr/bin/nohup: ignoring input
Seeded finite-pump amplifier: coherent gain and added-noise test
QuTiP version = 5.0.4
nbar = 5.000000
cutoffs: Na=5, Nb=5, Nc=14, NAf=5, NBf=5
Hilbert D = 8750; Liouville D^2 ~ 7.656e+07
lambda = 1.000000, g = 0.447214, xi = 0.800000
kappa_a/b/c = 2.500000/2.500000/0.020000
gamma_A/B = 2.000000/2.000000
tau_max = 2.000000, Nt = 61, tau_eval = 1.3666667
main seed amplitude = 0.050000 sqrt(lambda), phase = 0.000000 rad

Passive pump-off reference (g=0):
  mesolve vacuum, beta=0.05+0j: D=200, Liouville~4.000e+04, Nt=61
    data layers: H=CSR, rho0=CSR, c_ops=['CSR', 'CSR', 'CSR']
    finished in 0.7 s
    edge max source/collector=1.33e-11/1.40e-08

    WARNING vacuum: N_inc has negative values down to -6.576e-07; increase cutoffs or tighten solver tolerances.
Passive coherent-state sanity check:
  max |N_inc| = 8.988e-07
  max |Vbar-1/2| = 8.988e-07

Main seeded solve: coherent
  mesolve coherent, beta=0.05+0j: D=8750, Liouville~7.656e+07, Nt=61
    data layers: H=CSR, rho0=CSR, c_ops=['CSR', 'CSR', 'CSR']
    finished in 26959.1 s
    edge max source/collector=2.40e-03/2.53e-02

Main seeded solve: phase_randomized
  mesolve phase_randomized, beta=0.05+0j: D=8750, Liouville~7.656e+07, Nt=61
    data layers: H=CSR, rho0=CSR, c_ops=['CSR', 'CSR', 'CSR']
    finished in 18900.3 s
    edge max source/collector=1.99e-03/2.52e-02

Main seeded solve: fock
  mesolve fock, beta=0.05+0j: D=8750, Liouville~7.656e+07, Nt=61
    data layers: H=CSR, rho0=CSR, c_ops=['CSR', 'CSR', 'CSR']
    finished in 8948.3 s
    edge max source/collector=5.79e-04/1.60e-02

Seeded amplifier summary at requested readout time
state              eta_in     G_coh     N_add    N_QL     N_sig      N_inc      Vx/Vp        G_top_hat
coherent             0.9966    2.3801  -0.0926   0.2899    0.00028    0.46971  0.96962/0.96979      0.0834
  saved /home/Borhan/Computation/qb_seeded_gain_noise_referee_v2/seeded_gain_noise_timeseries_coherent.csv
partial              0.2500    2.3801  -0.0927   0.2899    0.00028    0.46940  0.96932/0.96948      0.0834
  saved /home/Borhan/Computation/qb_seeded_gain_noise_referee_v2/seeded_gain_noise_timeseries_partial.csv
phase_randomized     0.0000    2.3800  -0.0928   0.2899    0.00028    0.46909  0.96901/0.96918      0.0834
  saved /home/Borhan/Computation/qb_seeded_gain_noise_referee_v2/seeded_gain_noise_timeseries_phase_randomized.csv
fock                 0.0000    2.5108  -0.1182   0.3009    0.00030    0.45854  0.95847/0.95862      0.0880
  saved /home/Borhan/Computation/qb_seeded_gain_noise_referee_v2/seeded_gain_noise_timeseries_fock.csv
Saved summary CSV: /home/Borhan/Computation/qb_seeded_gain_noise_referee_v2/seeded_gain_noise_summary.csv

Coherent-pump weak-seed linearity test
    seed=0.050000: G_coh=2.380142, G_top_hat=0.083405, N_add=-0.092585, N_inc=0.469706
Linearity diagnostics across seed amplitudes:
  relative span of G_coh  = 0.000e+00
  relative span of N_add  = 0.000e+00
  relative span of N_inc  = 0.000e+00
  (Small spans indicate operation in the weak-probe linear-response regime.)

Saved linearity CSV: /home/Borhan/Computation/qb_seeded_gain_noise_referee_v2/seeded_linearity.csv
Saved figures:
  /home/Borhan/Computation/qb_seeded_gain_noise_referee_v2/qb_seeded_gain_noise_vs_time.pdf
  /home/Borhan/Computation/qb_seeded_gain_noise_referee_v2/qb_seeded_gain_noise_summary.pdf
  /home/Borhan/Computation/qb_seeded_gain_noise_referee_v2/qb_seeded_linearity.pdf
